( ( Keyword:del Symbol:a ) ( Keyword:del Symbol:b ) ( Keyword:del Symbol:c ) ( Keyword:del Symbol:d ) )