( ( Keyword:fun ( ) Number:1 ) ( Keyword:fun ( ) String:12 ) ( Keyword:fun ( Symbol:a Symbol:b ) Number:2 ) ( Keyword:fun ( Symbol:cc Symbol:dddd ) Number:1 ) )