ERROR
Import expected a package name
At ) @ 1:9
    1 | (import)
      |        ^