ERROR
Package name expected after '.'
At EOF @ 1:13
    1 | (import a.b.
      |            ^