ERROR
Missing ')' after node
At '\n' @ 2:0
    1 | (if 1 2 3
    2 | 
      | ^