ERROR
Unknown escape sequence
At \ @ 1:10
    1 | (print "\i bla bla bla")
      |         ^^