ERROR
del needs a symbol
At ) @ 1:6
    1 | (del)
      |     ^