ERROR
Expected a value
At ) @ 1:15
    1 | (fun (a b &c))
      |              ^