ERROR
macro needs a symbol
At ( @ 1:9
    1 | (macro (a) a)
      |        ^^^^