ERROR
Expected ')'
At EOF @ 1:14
    1 | (macro foo (a
      |             ^