ERROR
let needs a symbol
At EOF @ 2:4
    1 | (
    2 | let
      |   ^