ERROR
del needs a symbol
At EOF @ 1:6
    1 | (del)
      |     ^