ERROR
Missing ')' after condition
At EOF @ 2:1
    1 | (if 1 2 3
    2 | 
      | ^