ERROR
Expected ')'
At EOF @ 1:8
    1 | (fun (a
      |       ^