( Keyword:let Symbol:aaaaaaa Number:12 )
( Keyword:mut Symbol:b Number:13 )
( Keyword:set Symbol:c String: )
( Keyword:let Symbol:b String:12 )