( Keyword:while Number:1 Number:1 )
( Keyword:while Number:2 Number:2 )
( Keyword:while Number:3 Number:3 )